Reusing configuration cache.
> Task :createMinecraftArtifacts UP-TO-DATE

> Task :compileJava FAILED
./gradlew.bat : E:\mods\valorant-neo-26\src\main\java\com\strangesmell\valorant\clove\notdeadyet\CloveNotDeadYetScreen.
java:5: 错误: 找不到符号
At line:2 char:122
+ ... env:PATH" ; ./gradlew.bat compileJava 2>&1 > compile_errors.log ; Wri ...
+                 ~~~~~~~~~~~~~~~~~~~~~~~~~~~~~~~~~~~~~~~~~~~~~~~~~~~
    + CategoryInfo          : NotSpecified: (E:\mods\valoran...va:5: 错误: 找不到符号:String) [], RemoteException
    + FullyQualifiedErrorId : NativeCommandError
 
import net.minecraft.client.gui.GuiGraphics;
                               ^
  符号:   类 GuiGraphics
  位置: 程序包 net.minecraft.client.gui
E:\mods\valorant-neo-26\src\main\java\com\strangesmell\valorant\clove\notdeadyet\CloveNotDeadYetScreen.java:24: 错误: 找不到
符号
    public void render(GuiGraphics guiGraphics, int mouseX, int mouseY, float partialTick) {
                       ^
  符号:   类 GuiGraphics
  位置: 类 CloveNotDeadYetScreen
E:\mods\valorant-neo-26\src\main\java\com\strangesmell\valorant\clove\ruse\CloveRuseScreen.java:6: 错误: 找不到符号
import net.minecraft.client.gui.GuiGraphics;
                               ^
  符号:   类 GuiGraphics
  位置: 程序包 net.minecraft.client.gui
E:\mods\valorant-neo-26\src\main\java\com\strangesmell\valorant\clove\ruse\CloveRuseScreen.java:7: 错误: 找不到符号
import net.minecraft.client.gui.components.PlayerFaceRenderer;
                                          ^
  符号:   类 PlayerFaceRenderer
  位置: 程序包 net.minecraft.client.gui.components
E:\mods\valorant-neo-26\src\main\java\com\strangesmell\valorant\clove\ruse\CloveRuseScreen.java:11: 错误: 找不到符号
import net.minecraft.util.FastColor;
                         ^
  符号:   类 FastColor
  位置: 程序包 net.minecraft.util
E:\mods\valorant-neo-26\src\main\java\com\strangesmell\valorant\clove\ruse\CloveRuseScreen.java:34: 错误: 找不到符号
    public void render(GuiGraphics guiGraphics, int mouseX, int mouseY, float partialTick) {
                       ^
  符号:   类 GuiGraphics
  位置: 类 CloveRuseScreen
E:\mods\valorant-neo-26\src\main\java\com\strangesmell\valorant\clove\ruse\CloveRuseScreen.java:63: 错误: 找不到符号
    private void renderMapTiles(GuiGraphics guiGraphics, int left, int top) {
                                ^
  符号:   类 GuiGraphics
  位置: 类 CloveRuseScreen
E:\mods\valorant-neo-26\src\main\java\com\strangesmell\valorant\clove\ruse\CloveRuseScreen.java:95: 错误: 找不到符号
    private void renderEntityIcons(GuiGraphics guiGraphics, int left, int top) {
                                   ^
  符号:   类 GuiGraphics
  位置: 类 CloveRuseScreen
E:\mods\valorant-neo-26\src\main\java\com\strangesmell\valorant\InvisibleEntityRenderer.java:11: 错误: 类型变量数目错误; 需要2
public class InvisibleEntityRenderer<T extends Entity> extends EntityRenderer<T> {
                                                                             ^
E:\mods\valorant-neo-26\src\main\java\com\strangesmell\valorant\InvisibleEntityRenderer.java:22: 错误: 找不到符号
    public  ResourceLocation getTextureLocation(T entity) {
            ^
  符号:   类 ResourceLocation
  位置: 类 InvisibleEntityRenderer<T>
  其中, T是类型变量:
    T扩展已在类 InvisibleEntityRenderer中声明的Entity
E:\mods\valorant-neo-26\src\main\java\com\strangesmell\valorant\jett\bladestorm\JettKnifeRenderer.java:17: 错误: 类型变量数目错误
; 需要2
public class JettKnifeRenderer<T extends Entity & ItemSupplier> extends EntityRenderer<T> {
                                                                                      ^
E:\mods\valorant-neo-26\src\main\java\com\strangesmell\valorant\jett\bladestorm\JettKnifeRenderer.java:18: 错误: 找不到符号
    private final net.minecraft.client.renderer.entity.ItemRenderer itemRenderer;
                                                      ^
  符号:   类 ItemRenderer
  位置: 程序包 net.minecraft.client.renderer.entity
E:\mods\valorant-neo-26\src\main\java\com\strangesmell\valorant\leizhi\bomb\BombRenderer.java:18: 错误: 类型变量数目错误; 需要2
public class BombRenderer<T extends Entity & ItemSupplier> extends EntityRenderer<T> {
                                                                                 ^
E:\mods\valorant-neo-26\src\main\java\com\strangesmell\valorant\leizhi\bomb\BombRenderer.java:19: 错误: 找不到符号
    private final net.minecraft.client.renderer.entity.ItemRenderer itemRenderer;
                                                      ^
  符号:   类 ItemRenderer
  位置: 程序包 net.minecraft.client.renderer.entity
E:\mods\valorant-neo-26\src\main\java\com\strangesmell\valorant\leizhi\bomb\BombRenderer.java:59: 错误: 找不到符号
    public  ResourceLocation getTextureLocation(T entity) {
            ^
  符号:   类 ResourceLocation
  位置: 类 BombRenderer<T>
  其中, T是类型变量:
    T扩展已在类 BombRenderer中声明的Entity,ItemSupplier
E:\mods\valorant-neo-26\src\main\java\com\strangesmell\valorant\leizhi\blastpack\BlastPackRenderer.java:12: 错误: 类型变量数目错
误; 需要2
public class BlastPackRenderer extends EntityRenderer<BlastPackEntity> {
                                                     ^
E:\mods\valorant-neo-26\src\main\java\com\strangesmell\valorant\leizhi\blastpack\BlastPackRenderer.java:13: 错误: 找不到符号
    private final net.minecraft.client.renderer.block.BlockRenderDispatcher blockRenderer;
                                                     ^
  符号:   类 BlockRenderDispatcher
  位置: 程序包 net.minecraft.client.renderer.block
E:\mods\valorant-neo-26\src\main\java\com\strangesmell\valorant\leizhi\blastpack\BlastPackRenderer.java:37: 错误: 找不到符号
    public  ResourceLocation getTextureLocation(BlastPackEntity entity) {
            ^
  符号:   类 ResourceLocation
  位置: 类 BlastPackRenderer
E:\mods\valorant-neo-26\src\main\java\com\strangesmell\valorant\leizhi\boombot\BoomBotRenderer.java:6: 错误: 找不到符号
import net.minecraft.client.model.MinecartModel;
                                 ^
  符号:   类 MinecartModel
  位置: 程序包 net.minecraft.client.model
E:\mods\valorant-neo-26\src\main\java\com\strangesmell\valorant\leizhi\boombot\BoomBotRenderer.java:9: 错误: 找不到符号
import net.minecraft.client.renderer.block.BlockRenderDispatcher;
                                          ^
  符号:   类 BlockRenderDispatcher
  位置: 程序包 net.minecraft.client.renderer.block
E:\mods\valorant-neo-26\src\main\java\com\strangesmell\valorant\leizhi\boombot\BoomBotRenderer.java:17: 错误: 类型变量数目错误; 需
要2
public class BoomBotRenderer extends EntityRenderer<BoomBotEntity> {
                                                   ^
E:\mods\valorant-neo-26\src\main\java\com\strangesmell\valorant\leizhi\boombot\BoomBotRenderer.java:18: 错误: 找不到符号
    private static final ResourceLocation MINECART_LOCATION = Identifier.withDefaultNamespace("textures/entity/minecart
.png");
                         ^
  符号:   类 ResourceLocation
  位置: 类 BoomBotRenderer
E:\mods\valorant-neo-26\src\main\java\com\strangesmell\valorant\leizhi\boombot\BoomBotRenderer.java:19: 错误: 找不到符号
    private final MinecartModel<BoomBotEntity> model;
                  ^
  符号:   类 MinecartModel
  位置: 类 BoomBotRenderer
E:\mods\valorant-neo-26\src\main\java\com\strangesmell\valorant\leizhi\boombot\BoomBotRenderer.java:20: 错误: 找不到符号
    private final BlockRenderDispatcher blockRenderer;
                  ^
  符号:   类 BlockRenderDispatcher
  位置: 类 BoomBotRenderer
E:\mods\valorant-neo-26\src\main\java\com\strangesmell\valorant\ModEventBus.java:28: 错误: 找不到符号
import static com.strangesmell.valorant.VALORANT.TimePos;
^
  符号:   静态 TimePos
  位置: 类 VALORANT
E:\mods\valorant-neo-26\src\main\java\com\strangesmell\valorant\sage\resurrection\SageResurrectionRenderer.java:14: 错误:
 类型变量数目错误; 需要2
public class SageResurrectionRenderer extends EntityRenderer<SageResurrectionEntity> {
                                                            ^
E:\mods\valorant-neo-26\src\main\java\com\strangesmell\valorant\sage\resurrection\SageResurrectionRenderer.java:15: 错误:
 找不到符号
    private final net.minecraft.client.renderer.entity.ItemRenderer itemRenderer;
                                                      ^
  符号:   类 ItemRenderer
  位置: 程序包 net.minecraft.client.renderer.entity
E:\mods\valorant-neo-26\src\main\java\com\strangesmell\valorant\sage\resurrection\SageResurrectionRenderer.java:45: 错误:
 找不到符号
    public  ResourceLocation getTextureLocation(SageResurrectionEntity entity) {
            ^
  符号:   类 ResourceLocation
  位置: 类 SageResurrectionRenderer
E:\mods\valorant-neo-26\src\main\java\com\strangesmell\valorant\skillbar\ValorantSkillBarScreen.java:6: 错误: 找不到符号
import net.minecraft.client.gui.GuiGraphics;
                               ^
  符号:   类 GuiGraphics
  位置: 程序包 net.minecraft.client.gui
E:\mods\valorant-neo-26\src\main\java\com\strangesmell\valorant\skillbar\ValorantSkillBarScreen.java:32: 错误: 找不到符号
    public void render(GuiGraphics graphics, int mouseX, int mouseY, float partialTick) {
                       ^
  符号:   类 GuiGraphics
  位置: 类 ValorantSkillBarScreen
E:\mods\valorant-neo-26\src\main\java\com\strangesmell\valorant\skillbar\ValorantSkillBarScreen.java:110: 错误: 找不到符号
    private void renderInventoryStack(GuiGraphics graphics, ItemStack stack, int x, int y) {
                                      ^
  符号:   类 GuiGraphics
  位置: 类 ValorantSkillBarScreen
E:\mods\valorant-neo-26\src\main\java\com\strangesmell\valorant\skillbar\ValorantSkillBarScreen.java:116: 错误: 找不到符号
    private void renderStack(GuiGraphics graphics, ItemStack stack, int x, int y) {
                             ^
  符号:   类 GuiGraphics
  位置: 类 ValorantSkillBarScreen
E:\mods\valorant-neo-26\src\main\java\com\strangesmell\valorant\skillbar\ValorantSkillUseHandler.java:22: 错误: 找不到符号
import net.minecraft.world.InteractionResultHolder;
                          ^
  符号:   类 InteractionResultHolder
  位置: 程序包 net.minecraft.world
E:\mods\valorant-neo-26\src\main\java\com\strangesmell\valorant\VALORANTClient.java:17: 错误: 找不到符号
import net.minecraft.client.gui.GuiGraphics;
                               ^
  符号:   类 GuiGraphics
  位置: 程序包 net.minecraft.client.gui
E:\mods\valorant-neo-26\src\main\java\com\strangesmell\valorant\VALORANTClient.java:36: 错误: 找不到符号
import net.neoforged.neoforge.client.event.ClientTickEvent.Phase;
                                                          ^
  符号:   类 Phase
  位置: 类 ClientTickEvent
E:\mods\valorant-neo-26\src\main\java\com\strangesmell\valorant\VALORANTClient.java:211: 错误: 找不到符号
    private static void renderSkillBarHud(Minecraft minecraft, GuiGraphics graphics, LocalPlayer player) {
                                                               ^
  符号:   类 GuiGraphics
  位置: 类 VALORANTClient
E:\mods\valorant-neo-26\src\main\java\com\strangesmell\valorant\clove\notdeadyet\CloveNotDeadYetScreen.java:23: 错误: 方法不
会覆盖或实现超类型的方法
    @Override
    ^
E:\mods\valorant-neo-26\src\main\java\com\strangesmell\valorant\clove\ruse\CloveRuseScreen.java:33: 错误: 方法不会覆盖或实现超类型的方法
    @Override
    ^
E:\mods\valorant-neo-26\src\main\java\com\strangesmell\valorant\clove\ruse\CloveRuseScreen.java:85: 错误: 程序包FastColor不存在
                int red = Math.min(255, Math.max(0, (int)(FastColor.ARGB32.red(color) * shade)));
                                                                   ^
E:\mods\valorant-neo-26\src\main\java\com\strangesmell\valorant\clove\ruse\CloveRuseScreen.java:86: 错误: 程序包FastColor不存在
                int green = Math.min(255, Math.max(0, (int)(FastColor.ARGB32.green(color) * shade)));
                                                                     ^
E:\mods\valorant-neo-26\src\main\java\com\strangesmell\valorant\clove\ruse\CloveRuseScreen.java:87: 错误: 程序包FastColor不存在
                int blue = Math.min(255, Math.max(0, (int)(FastColor.ARGB32.blue(color) * shade)));
                                                                    ^
E:\mods\valorant-neo-26\src\main\java\com\strangesmell\valorant\clove\ruse\CloveRuseScreen.java:88: 错误: 程序包FastColor不存在
                color = FastColor.ARGB32.color(190, red, green, blue);
                                 ^
E:\mods\valorant-neo-26\src\main\java\com\strangesmell\valorant\clove\ruse\CloveRuseScreen.java:111: 错误: 找不到符号
                PlayerFaceRenderer.draw(guiGraphics, clientPlayer.getSkinTextureLocation(), x - 5, y - 5, 10);
                ^
  符号:   变量 PlayerFaceRenderer
  位置: 类 CloveRuseScreen
E:\mods\valorant-neo-26\src\main\java\com\strangesmell\valorant\clove\ruse\CloveRuseScreen.java:111: 错误: 找不到符号
                PlayerFaceRenderer.draw(guiGraphics, clientPlayer.getSkinTextureLocation(), x - 5, y - 5, 10);
                                                                 ^
  符号:   方法 getSkinTextureLocation()
  位置: 类型为AbstractClientPlayer的变量 clientPlayer
E:\mods\valorant-neo-26\src\main\java\com\strangesmell\valorant\clove\ruse\CloveRuseScreen.java:129: 错误: 方法不会覆盖或实现超类型的方
法
    @Override
    ^
E:\mods\valorant-neo-26\src\main\java\com\strangesmell\valorant\clove\ruse\CloveRuseScreen.java:140: 错误: 无法将接口 Containe
rEventHandler中的方法 mouseClicked应用到给定类型;
        return super.mouseClicked(mouseX, mouseY, button);
                    ^
  需要: MouseButtonEvent,boolean
  找到:    double,double,int
  原因: 实际参数列表和形式参数列表长度不同
E:\mods\valorant-neo-26\src\main\java\com\strangesmell\valorant\InvisibleEntityRenderer.java:14: 错误: 找不到符号
        this.shadowRadius = 0.0F;
            ^
  符号: 变量 shadowRadius
E:\mods\valorant-neo-26\src\main\java\com\strangesmell\valorant\InvisibleEntityRenderer.java:17: 错误: 方法不会覆盖或实现超类型的方法
    @Override
    ^
E:\mods\valorant-neo-26\src\main\java\com\strangesmell\valorant\InvisibleEntityRenderer.java:21: 错误: 方法不会覆盖或实现超类型的方法
    @Override
    ^
E:\mods\valorant-neo-26\src\main\java\com\strangesmell\valorant\jett\bladestorm\JettKnifeRenderer.java:22: 错误: 找不到符号
        this.itemRenderer = context.getItemRenderer();
                                   ^
  符号:   方法 getItemRenderer()
  位置: 类型为Context的变量 context
E:\mods\valorant-neo-26\src\main\java\com\strangesmell\valorant\jett\bladestorm\JettKnifeRenderer.java:23: 错误: 找不到符号
        this.shadowRadius = 0.12F;
            ^
  符号: 变量 shadowRadius
E:\mods\valorant-neo-26\src\main\java\com\strangesmell\valorant\jett\bladestorm\JettKnifeRenderer.java:26: 错误: 方法不会覆盖或实
现超类型的方法
    @Override
    ^
E:\mods\valorant-neo-26\src\main\java\com\strangesmell\valorant\jett\bladestorm\JettKnifeRenderer.java:31: 错误: 方法不会覆盖或实
现超类型的方法
    @Override
    ^
E:\mods\valorant-neo-26\src\main\java\com\strangesmell\valorant\jett\bladestorm\JettKnifeRenderer.java:36: 错误: 方法不会覆盖或实
现超类型的方法
    @Override
    ^
E:\mods\valorant-neo-26\src\main\java\com\strangesmell\valorant\jett\bladestorm\JettKnifeRenderer.java:60: 错误: 找不到符号
        super.render(entity, entityYaw, partialTick, poseStack, bufferSource, packedLight);
        ^
  符号:   变量 super
  位置: 类 JettKnifeRenderer<T>
  其中, T是类型变量:
    T扩展已在类 JettKnifeRenderer中声明的Entity,ItemSupplier
E:\mods\valorant-neo-26\src\main\java\com\strangesmell\valorant\jett\bladestorm\JettKnifeRenderer.java:63: 错误: 方法不会覆盖或实
现超类型的方法
    @Override
    ^
E:\mods\valorant-neo-26\src\main\java\com\strangesmell\valorant\leizhi\bomb\BombRenderer.java:30: 错误: 找不到符号
        this.itemRenderer = context.getItemRenderer();
                                   ^
  符号:   方法 getItemRenderer()
  位置: 类型为Context的变量 context
E:\mods\valorant-neo-26\src\main\java\com\strangesmell\valorant\leizhi\bomb\BombRenderer.java:40: 错误: 方法不会覆盖或实现超类型的方法
    @Override
    ^
E:\mods\valorant-neo-26\src\main\java\com\strangesmell\valorant\leizhi\bomb\BombRenderer.java:42: 错误: 找不到符号
        return this.fullBright ? 15 : super.getBlockLightLevel(entity, pos);
                                      ^
  符号:   变量 super
  位置: 类 BombRenderer<T>
  其中, T是类型变量:
    T扩展已在类 BombRenderer中声明的Entity,ItemSupplier
E:\mods\valorant-neo-26\src\main\java\com\strangesmell\valorant\leizhi\bomb\BombRenderer.java:45: 错误: 方法不会覆盖或实现超类型的方法
    @Override
    ^
E:\mods\valorant-neo-26\src\main\java\com\strangesmell\valorant\leizhi\bomb\BombRenderer.java:49: 错误: 找不到符号
        poseStack.mulPose(this.entityRenderDispatcher.cameraOrientation());
                              ^
  符号: 变量 entityRenderDispatcher
E:\mods\valorant-neo-26\src\main\java\com\strangesmell\valorant\leizhi\bomb\BombRenderer.java:55: 错误: 找不到符号
        super.render(entity, entityYaw, partialTick, poseStack, bufferSource, packedLight);
        ^
  符号:   变量 super
  位置: 类 BombRenderer<T>
  其中, T是类型变量:
    T扩展已在类 BombRenderer中声明的Entity,ItemSupplier
E:\mods\valorant-neo-26\src\main\java\com\strangesmell\valorant\leizhi\bomb\BombRenderer.java:58: 错误: 方法不会覆盖或实现超类型的方法
    @Override
    ^
E:\mods\valorant-neo-26\src\main\java\com\strangesmell\valorant\leizhi\bigbomb\BigBombRenderer.java:10: 错误: 找不到符号
        this.shadowRadius = 0.35F;
            ^
  符号: 变量 shadowRadius
E:\mods\valorant-neo-26\src\main\java\com\strangesmell\valorant\leizhi\blastpack\BlastPackRenderer.java:17: 错误: 找不到符号
        this.blockRenderer = context.getBlockRenderDispatcher();
                                    ^
  符号:   方法 getBlockRenderDispatcher()
  位置: 类型为Context的变量 context
E:\mods\valorant-neo-26\src\main\java\com\strangesmell\valorant\leizhi\blastpack\BlastPackRenderer.java:18: 错误: 找不到符号
        this.shadowRadius = 0.24F;
            ^
  符号: 变量 shadowRadius
E:\mods\valorant-neo-26\src\main\java\com\strangesmell\valorant\leizhi\blastpack\BlastPackRenderer.java:21: 错误: 方法不会覆盖或
实现超类型的方法
    @Override
    ^
E:\mods\valorant-neo-26\src\main\java\com\strangesmell\valorant\leizhi\blastpack\BlastPackRenderer.java:28: 错误: 找不到符号
        super.render(entity, entityYaw, partialTick, poseStack, bufferSource, packedLight);
        ^
  符号:   变量 super
  位置: 类 BlastPackRenderer
E:\mods\valorant-neo-26\src\main\java\com\strangesmell\valorant\leizhi\blastpack\BlastPackRenderer.java:31: 错误: 方法不会覆盖或
实现超类型的方法
    @Override
    ^
E:\mods\valorant-neo-26\src\main\java\com\strangesmell\valorant\leizhi\blastpack\BlastPackRenderer.java:33: 错误: 找不到符号
        return Math.max(10, super.getBlockLightLevel(entity, pos));
                            ^
  符号:   变量 super
  位置: 类 BlastPackRenderer
E:\mods\valorant-neo-26\src\main\java\com\strangesmell\valorant\leizhi\blastpack\BlastPackRenderer.java:36: 错误: 方法不会覆盖或
实现超类型的方法
    @Override
    ^
E:\mods\valorant-neo-26\src\main\java\com\strangesmell\valorant\leizhi\boombot\BoomBotRenderer.java:24: 错误: 找不到符号
        this.model = new MinecartModel<>(context.bakeLayer(ModelLayers.TNT_MINECART));
                         ^
  符号:   类 MinecartModel
  位置: 类 BoomBotRenderer
E:\mods\valorant-neo-26\src\main\java\com\strangesmell\valorant\leizhi\boombot\BoomBotRenderer.java:25: 错误: 找不到符号
        this.blockRenderer = context.getBlockRenderDispatcher();
                                    ^
  符号:   方法 getBlockRenderDispatcher()
  位置: 类型为Context的变量 context
E:\mods\valorant-neo-26\src\main\java\com\strangesmell\valorant\leizhi\boombot\BoomBotRenderer.java:26: 错误: 找不到符号
        this.shadowRadius = 0.35F;
            ^
  符号: 变量 shadowRadius
E:\mods\valorant-neo-26\src\main\java\com\strangesmell\valorant\leizhi\boombot\BoomBotRenderer.java:29: 错误: 方法不会覆盖或实现超类
型的方法
    @Override
    ^
E:\mods\valorant-neo-26\src\main\java\com\strangesmell\valorant\leizhi\boombot\BoomBotRenderer.java:31: 错误: 找不到符号
        super.render(entity, yaw, partialTicks, poseStack, buffer, packedLight);
        ^
  符号:   变量 super
  位置: 类 BoomBotRenderer
E:\mods\valorant-neo-26\src\main\java\com\strangesmell\valorant\leizhi\boombot\BoomBotRenderer.java:51: 错误: 方法不会覆盖或实现超类
型的方法
    @Override
    ^
E:\mods\valorant-neo-26\src\main\java\com\strangesmell\valorant\VALORANT.java:397: 错误: 无法将类 JettTailwindTracker中的方法 das
h应用到给定类型;
                        com.strangesmell.valorant.jett.tailwind.JettTailwindTracker.dash(player, payload.x(), payload.z
());
                                                                                   ^
  需要: ServerLevel,ServerPlayer,long,Input
  找到:    ServerPlayer,float,float
  原因: 实际参数列表和形式参数列表长度不同
E:\mods\valorant-neo-26\src\main\java\com\strangesmell\valorant\VALORANT.java:397: 错误: 不兼容的类型: ServerPlayer无法转换为ServerL
evel
                        com.strangesmell.valorant.jett.tailwind.JettTailwindTracker.dash(player, payload.x(), payload.z
());
                                                                                         ^
E:\mods\valorant-neo-26\src\main\java\com\strangesmell\valorant\ModEventBus.java:37: 错误: 找不到符号

        if (SageResurrectionEntity.shouldAllowDeath(player)) {
                                  ^
  符号:   方法 shouldAllowDeath(ServerPlayer)
  位置: 类 SageResurrectionEntity
E:\mods\valorant-neo-26\src\main\java\com\strangesmell\valorant\ModEventBus.java:71: 错误: 找不到符号
                        .requires(source -> source.hasPermission(2)) // OP 权限
                                                  ^
  符号:   方法 hasPermission(int)
  位置: 类型为CommandSourceStack的变量 source
E:\mods\valorant-neo-26\src\main\java\com\strangesmell\valorant\ModEventBus.java:74: 错误: 找不到符号
                            if (TimePos.isEmpty()){
                                ^
  符号:   变量 TimePos
  位置: 类 ModEventBus
E:\mods\valorant-neo-26\src\main\java\com\strangesmell\valorant\ModEventBus.java:81: 错误: 找不到符号
                            List<BlockPos> list =  TimePos.keySet().stream().toList();
                                                   ^
  符号:   变量 TimePos
  位置: 类 ModEventBus
E:\mods\valorant-neo-26\src\main\java\com\strangesmell\valorant\ModEventBus.java:84: 错误: 找不到符号
                                TimePos.remove(blockPos);
                                ^
  符号:   变量 TimePos
  位置: 类 ModEventBus
E:\mods\valorant-neo-26\src\main\java\com\strangesmell\valorant\ModEventBus.java:98: 错误: 找不到符号
            TimePos.put(event.getPos(), 0);
            ^
  符号:   变量 TimePos
  位置: 类 ModEventBus
E:\mods\valorant-neo-26\src\main\java\com\strangesmell\valorant\ModEventBus.java:117: 错误: 找不到符号
        int i = TimePos.getOrDefault(blockPos, 0);
                ^
  符号:   变量 TimePos
  位置: 类 ModEventBus
E:\mods\valorant-neo-26\src\main\java\com\strangesmell\valorant\ModEventBus.java:119: 错误: 找不到符号
            TimePos.remove(blockPos);
            ^
  符号:   变量 TimePos
  位置: 类 ModEventBus
E:\mods\valorant-neo-26\src\main\java\com\strangesmell\valorant\ModEventBus.java:122: 错误: 找不到符号
            TimePos.put(blockPos,i+1);
            ^
  符号:   变量 TimePos
  位置: 类 ModEventBus
E:\mods\valorant-neo-26\src\main\java\com\strangesmell\valorant\sage\resurrection\SageResurrectionRenderer.java:19: 错误:
 找不到符号
        this.itemRenderer = context.getItemRenderer();
                                   ^
  符号:   方法 getItemRenderer()
  位置: 类型为Context的变量 context
E:\mods\valorant-neo-26\src\main\java\com\strangesmell\valorant\sage\resurrection\SageResurrectionRenderer.java:20: 错误:
 找不到符号
[Incubating] Problems report is available at: file:///E:/mods/valorant-neo-26/build/reports/problems/problems-report.html
        this.shadowRadius = 0.18F;
            ^
  符号: 变量 shadowRadius
E:\mods\valorant-neo-26\src\main\java\com\strangesmell\valorant\sage\resurrection\SageResurrectionRenderer.java:23: 错误:
 方法不会覆盖或实现超类型的方法
    @Override
    ^
E:\mods\valorant-neo-26\src\main\java\com\strangesmell\valorant\sage\resurrection\SageResurrectionRenderer.java:28: 错误:
 方法不会覆盖或实现超类型的方法
    @Override
    ^
E:\mods\valorant-neo-26\src\main\java\com\strangesmell\valorant\sage\resurrection\SageResurrectionRenderer.java:37: 错误:
 找不到符号
        poseStack.mulPose(this.entityRenderDispatcher.cameraOrientation());
                              ^
  符号: 变量 entityRenderDispatcher
E:\mods\valorant-neo-26\src\main\java\com\strangesmell\valorant\sage\resurrection\SageResurrectionRenderer.java:41: 错误:
 找不到符号
        super.render(entity, entityYaw, partialTick, poseStack, bufferSource, packedLight);
        ^
  符号:   变量 super
  位置: 类 SageResurrectionRenderer
E:\mods\valorant-neo-26\src\main\java\com\strangesmell\valorant\sage\resurrection\SageResurrectionRenderer.java:44: 错误:
 方法不会覆盖或实现超类型的方法
    @Override
    ^
E:\mods\valorant-neo-26\src\main\java\com\strangesmell\valorant\skillbar\ValorantSkillBarScreen.java:31: 错误: 方法不会覆盖或实现超
类型的方法
    @Override
    ^
E:\mods\valorant-neo-26\src\main\java\com\strangesmell\valorant\skillbar\ValorantSkillBarScreen.java:59: 错误: 方法不会覆盖或实现超
类型的方法
    @Override
    ^
E:\mods\valorant-neo-26\src\main\java\com\strangesmell\valorant\skillbar\ValorantSkillBarScreen.java:81: 错误: 无法将接口 Cont
ainerEventHandler中的方法 mouseClicked应用到给定类型;
        return super.mouseClicked(mouseX, mouseY, button);
                    ^
  需要: MouseButtonEvent,boolean
  找到:    double,double,int
  原因: 实际参数列表和形式参数列表长度不同
E:\mods\valorant-neo-26\src\main\java\com\strangesmell\valorant\skillbar\ValorantSkillUseHandler.java:124: 错误: 找不到符号
            JettCloudburstEntity.guideOwned(level, player);
                                ^
  符号:   方法 guideOwned(ServerLevel,ServerPlayer)
  位置: 类 JettCloudburstEntity
E:\mods\valorant-neo-26\src\main\java\com\strangesmell\valorant\skillbar\ValorantSkillUseHandler.java:126: 错误: 找不到符号
            PhoenixCurveballEntity.guideOwned(level, player);
                                  ^
  符号:   方法 guideOwned(ServerLevel,ServerPlayer)
  位置: 类 PhoenixCurveballEntity
注: 某些输入文件使用或覆盖了已过时的 API。
注: 有关详细信息, 请使用 -Xlint:deprecation 重新编译。
注: 某些消息已经过简化; 请使用 -Xdiags:verbose 重新编译以获得完整输出
100 个错误

FAILURE: Build failed with an exception.

* What went wrong:
Execution failed for task ':compileJava'.
> Compilation failed; see the compiler output below.
  E:\mods\valorant-neo-26\src\main\java\com\strangesmell\valorant\clove\ruse\CloveRuseScreen.java:140: 错误: 无法将接口 Contai
nerEventHandler中的方法 mouseClicked应用到给定类型;
          return super.mouseClicked(mouseX, mouseY, button);
                      ^
    需要: MouseButtonEvent,boolean
    找到:    double,double,int
    原因: 实际参数列表和形式参数列表长度不同
  E:\mods\valorant-neo-26\src\main\java\com\strangesmell\valorant\VALORANT.java:397: 错误: 无法将类 JettTailwindTracker中的方法 d
ash应用到给定类型;
                          com.strangesmell.valorant.jett.tailwind.JettTailwindTracker.dash(player, payload.x(), payload
.z());
                                                                                     ^
    需要: ServerLevel,ServerPlayer,long,Input
    找到:    ServerPlayer,float,float
    原因: 实际参数列表和形式参数列表长度不同
  E:\mods\valorant-neo-26\src\main\java\com\strangesmell\valorant\skillbar\ValorantSkillBarScreen.java:81: 错误: 无法将接口 Co
ntainerEventHandler中的方法 mouseClicked应用到给定类型;
          return super.mouseClicked(mouseX, mouseY, button);
                      ^
    需要: MouseButtonEvent,boolean
    找到:    double,double,int
    原因: 实际参数列表和形式参数列表长度不同
  注: 有关详细信息, 请使用 -Xlint:deprecation 重新编译。
  E:\mods\valorant-neo-26\src\main\java\com\strangesmell\valorant\VALORANT.java:397: 错误: 不兼容的类型: ServerPlayer无法转换为Serve
rLevel
                          com.strangesmell.valorant.jett.tailwind.JettTailwindTracker.dash(player, payload.x(), payload
.z());
                                                                                           ^
  E:\mods\valorant-neo-26\src\main\java\com\strangesmell\valorant\InvisibleEntityRenderer.java:11: 错误: 类型变量数目错误; 需要2
  public class InvisibleEntityRenderer<T extends Entity> extends EntityRenderer<T> {
                                                                               ^
  E:\mods\valorant-neo-26\src\main\java\com\strangesmell\valorant\jett\bladestorm\JettKnifeRenderer.java:17: 错误: 类型变量数目
错误; 需要2
  public class JettKnifeRenderer<T extends Entity & ItemSupplier> extends EntityRenderer<T> {
                                                                                        ^
  E:\mods\valorant-neo-26\src\main\java\com\strangesmell\valorant\leizhi\bomb\BombRenderer.java:18: 错误: 类型变量数目错误; 需要2
  public class BombRenderer<T extends Entity & ItemSupplier> extends EntityRenderer<T> {
                                                                                   ^
  E:\mods\valorant-neo-26\src\main\java\com\strangesmell\valorant\leizhi\blastpack\BlastPackRenderer.java:12: 错误: 类型变量数
目错误; 需要2
  public class BlastPackRenderer extends EntityRenderer<BlastPackEntity> {
                                                       ^
  E:\mods\valorant-neo-26\src\main\java\com\strangesmell\valorant\leizhi\boombot\BoomBotRenderer.java:17: 错误: 类型变量数目错误;
 需要2
  public class BoomBotRenderer extends EntityRenderer<BoomBotEntity> {
                                                     ^
  E:\mods\valorant-neo-26\src\main\java\com\strangesmell\valorant\sage\resurrection\SageResurrectionRenderer.java:14: 错
误: 类型变量数目错误; 需要2
  public class SageResurrectionRenderer extends EntityRenderer<SageResurrectionEntity> {
                                                              ^
  E:\mods\valorant-neo-26\src\main\java\com\strangesmell\valorant\clove\notdeadyet\CloveNotDeadYetScreen.java:5: 错误: 找不
到符号
  import net.minecraft.client.gui.GuiGraphics;
                                 ^
    符号:   类 GuiGraphics
    位置: 程序包 net.minecraft.client.gui
  E:\mods\valorant-neo-26\src\main\java\com\strangesmell\valorant\clove\notdeadyet\CloveNotDeadYetScreen.java:24: 错误: 找
不到符号
      public void render(GuiGraphics guiGraphics, int mouseX, int mouseY, float partialTick) {
                         ^
    符号:   类 GuiGraphics
    位置: 类 CloveNotDeadYetScreen
  E:\mods\valorant-neo-26\src\main\java\com\strangesmell\valorant\clove\ruse\CloveRuseScreen.java:6: 错误: 找不到符号
  import net.minecraft.client.gui.GuiGraphics;
                                 ^
    符号:   类 GuiGraphics
    位置: 程序包 net.minecraft.client.gui
  E:\mods\valorant-neo-26\src\main\java\com\strangesmell\valorant\clove\ruse\CloveRuseScreen.java:7: 错误: 找不到符号
  import net.minecraft.client.gui.components.PlayerFaceRenderer;
                                            ^
    符号:   类 PlayerFaceRenderer
    位置: 程序包 net.minecraft.client.gui.components
  E:\mods\valorant-neo-26\src\main\java\com\strangesmell\valorant\clove\ruse\CloveRuseScreen.java:11: 错误: 找不到符号
  import net.minecraft.util.FastColor;
                           ^
    符号:   类 FastColor
    位置: 程序包 net.minecraft.util
  E:\mods\valorant-neo-26\src\main\java\com\strangesmell\valorant\clove\ruse\CloveRuseScreen.java:34: 错误: 找不到符号
      public void render(GuiGraphics guiGraphics, int mouseX, int mouseY, float partialTick) {
                         ^
    符号:   类 GuiGraphics
    位置: 类 CloveRuseScreen
  E:\mods\valorant-neo-26\src\main\java\com\strangesmell\valorant\clove\ruse\CloveRuseScreen.java:63: 错误: 找不到符号
      private void renderMapTiles(GuiGraphics guiGraphics, int left, int top) {
                                  ^
    符号:   类 GuiGraphics
    位置: 类 CloveRuseScreen
  E:\mods\valorant-neo-26\src\main\java\com\strangesmell\valorant\clove\ruse\CloveRuseScreen.java:95: 错误: 找不到符号
      private void renderEntityIcons(GuiGraphics guiGraphics, int left, int top) {
                                     ^
    符号:   类 GuiGraphics
    位置: 类 CloveRuseScreen
  E:\mods\valorant-neo-26\src\main\java\com\strangesmell\valorant\InvisibleEntityRenderer.java:22: 错误: 找不到符号
      public  ResourceLocation getTextureLocation(T entity) {
              ^
    符号:   类 ResourceLocation
    位置: 类 InvisibleEntityRenderer<T>
    其中, T是类型变量:
      T扩展已在类 InvisibleEntityRenderer中声明的Entity
  E:\mods\valorant-neo-26\src\main\java\com\strangesmell\valorant\jett\bladestorm\JettKnifeRenderer.java:18: 错误: 找不到符号
      private final net.minecraft.client.renderer.entity.ItemRenderer itemRenderer;
                                                        ^
    符号:   类 ItemRenderer
    位置: 程序包 net.minecraft.client.renderer.entity
  E:\mods\valorant-neo-26\src\main\java\com\strangesmell\valorant\leizhi\bomb\BombRenderer.java:19: 错误: 找不到符号
      private final net.minecraft.client.renderer.entity.ItemRenderer itemRenderer;
                                                        ^
    符号:   类 ItemRenderer
    位置: 程序包 net.minecraft.client.renderer.entity
  E:\mods\valorant-neo-26\src\main\java\com\strangesmell\valorant\leizhi\bomb\BombRenderer.java:59: 错误: 找不到符号
      public  ResourceLocation getTextureLocation(T entity) {
              ^
    符号:   类 ResourceLocation
    位置: 类 BombRenderer<T>
    其中, T是类型变量:
      T扩展已在类 BombRenderer中声明的Entity,ItemSupplier
  E:\mods\valorant-neo-26\src\main\java\com\strangesmell\valorant\leizhi\blastpack\BlastPackRenderer.java:13: 错误: 找不到符号
      private final net.minecraft.client.renderer.block.BlockRenderDispatcher blockRenderer;
                                                       ^
    符号:   类 BlockRenderDispatcher
    位置: 程序包 net.minecraft.client.renderer.block
  E:\mods\valorant-neo-26\src\main\java\com\strangesmell\valorant\leizhi\blastpack\BlastPackRenderer.java:37: 错误: 找不到符号
      public  ResourceLocation getTextureLocation(BlastPackEntity entity) {
              ^
    符号:   类 ResourceLocation
    位置: 类 BlastPackRenderer
  E:\mods\valorant-neo-26\src\main\java\com\strangesmell\valorant\leizhi\boombot\BoomBotRenderer.java:6: 错误: 找不到符号
  import net.minecraft.client.model.MinecartModel;
                                   ^
    符号:   类 MinecartModel
    位置: 程序包 net.minecraft.client.model
  E:\mods\valorant-neo-26\src\main\java\com\strangesmell\valorant\leizhi\boombot\BoomBotRenderer.java:9: 错误: 找不到符号
  import net.minecraft.client.renderer.block.BlockRenderDispatcher;
                                            ^
    符号:   类 BlockRenderDispatcher
    位置: 程序包 net.minecraft.client.renderer.block
  E:\mods\valorant-neo-26\src\main\java\com\strangesmell\valorant\leizhi\boombot\BoomBotRenderer.java:18: 错误: 找不到符号
      private static final ResourceLocation MINECART_LOCATION = Identifier.withDefaultNamespace("textures/entity/mineca
rt.png");
                           ^
    符号:   类 ResourceLocation
    位置: 类 BoomBotRenderer
  E:\mods\valorant-neo-26\src\main\java\com\strangesmell\valorant\leizhi\boombot\BoomBotRenderer.java:19: 错误: 找不到符号
      private final MinecartModel<BoomBotEntity> model;
                    ^
    符号:   类 MinecartModel
    位置: 类 BoomBotRenderer
  E:\mods\valorant-neo-26\src\main\java\com\strangesmell\valorant\leizhi\boombot\BoomBotRenderer.java:20: 错误: 找不到符号
      private final BlockRenderDispatcher blockRenderer;
                    ^
    符号:   类 BlockRenderDispatcher
    位置: 类 BoomBotRenderer
  E:\mods\valorant-neo-26\src\main\java\com\strangesmell\valorant\ModEventBus.java:28: 错误: 找不到符号
  import static com.strangesmell.valorant.VALORANT.TimePos;
  ^
    符号:   静态 TimePos
    位置: 类 VALORANT
  E:\mods\valorant-neo-26\src\main\java\com\strangesmell\valorant\sage\resurrection\SageResurrectionRenderer.java:15: 错
误: 找不到符号
      private final net.minecraft.client.renderer.entity.ItemRenderer itemRenderer;
                                                        ^
    符号:   类 ItemRenderer
    位置: 程序包 net.minecraft.client.renderer.entity
  E:\mods\valorant-neo-26\src\main\java\com\strangesmell\valorant\sage\resurrection\SageResurrectionRenderer.java:45: 错
误: 找不到符号
      public  ResourceLocation getTextureLocation(SageResurrectionEntity entity) {
              ^
    符号:   类 ResourceLocation
    位置: 类 SageResurrectionRenderer
  E:\mods\valorant-neo-26\src\main\java\com\strangesmell\valorant\skillbar\ValorantSkillBarScreen.java:6: 错误: 找不到符号
  import net.minecraft.client.gui.GuiGraphics;
                                 ^
    符号:   类 GuiGraphics
    位置: 程序包 net.minecraft.client.gui
  E:\mods\valorant-neo-26\src\main\java\com\strangesmell\valorant\skillbar\ValorantSkillBarScreen.java:32: 错误: 找不到符号
      public void render(GuiGraphics graphics, int mouseX, int mouseY, float partialTick) {
                         ^
    符号:   类 GuiGraphics
    位置: 类 ValorantSkillBarScreen
  E:\mods\valorant-neo-26\src\main\java\com\strangesmell\valorant\skillbar\ValorantSkillBarScreen.java:110: 错误: 找不到符号
      private void renderInventoryStack(GuiGraphics graphics, ItemStack stack, int x, int y) {
                                        ^
    符号:   类 GuiGraphics
    位置: 类 ValorantSkillBarScreen
  E:\mods\valorant-neo-26\src\main\java\com\strangesmell\valorant\skillbar\ValorantSkillBarScreen.java:116: 错误: 找不到符号
      private void renderStack(GuiGraphics graphics, ItemStack stack, int x, int y) {
                               ^
    符号:   类 GuiGraphics
    位置: 类 ValorantSkillBarScreen
  E:\mods\valorant-neo-26\src\main\java\com\strangesmell\valorant\skillbar\ValorantSkillUseHandler.java:22: 错误: 找不到符号
  import net.minecraft.world.InteractionResultHolder;
                            ^
    符号:   类 InteractionResultHolder
    位置: 程序包 net.minecraft.world
  E:\mods\valorant-neo-26\src\main\java\com\strangesmell\valorant\VALORANTClient.java:17: 错误: 找不到符号
  import net.minecraft.client.gui.GuiGraphics;
                                 ^
    符号:   类 GuiGraphics
    位置: 程序包 net.minecraft.client.gui
  E:\mods\valorant-neo-26\src\main\java\com\strangesmell\valorant\VALORANTClient.java:36: 错误: 找不到符号
  import net.neoforged.neoforge.client.event.ClientTickEvent.Phase;
                                                            ^
    符号:   类 Phase
    位置: 类 ClientTickEvent
  E:\mods\valorant-neo-26\src\main\java\com\strangesmell\valorant\VALORANTClient.java:211: 错误: 找不到符号
      private static void renderSkillBarHud(Minecraft minecraft, GuiGraphics graphics, LocalPlayer player) {
                                                                 ^
    符号:   类 GuiGraphics
    位置: 类 VALORANTClient
  E:\mods\valorant-neo-26\src\main\java\com\strangesmell\valorant\clove\ruse\CloveRuseScreen.java:111: 错误: 找不到符号
                  PlayerFaceRenderer.draw(guiGraphics, clientPlayer.getSkinTextureLocation(), x - 5, y - 5, 10);
                  ^
    符号:   变量 PlayerFaceRenderer
    位置: 类 CloveRuseScreen
  E:\mods\valorant-neo-26\src\main\java\com\strangesmell\valorant\jett\bladestorm\JettKnifeRenderer.java:60: 错误: 找不到符号
          super.render(entity, entityYaw, partialTick, poseStack, bufferSource, packedLight);
          ^
    符号:   变量 super
    位置: 类 JettKnifeRenderer<T>
    其中, T是类型变量:
      T扩展已在类 JettKnifeRenderer中声明的Entity,ItemSupplier
  E:\mods\valorant-neo-26\src\main\java\com\strangesmell\valorant\leizhi\bomb\BombRenderer.java:42: 错误: 找不到符号
          return this.fullBright ? 15 : super.getBlockLightLevel(entity, pos);
                                        ^
    符号:   变量 super
    位置: 类 BombRenderer<T>
    其中, T是类型变量:
      T扩展已在类 BombRenderer中声明的Entity,ItemSupplier
  E:\mods\valorant-neo-26\src\main\java\com\strangesmell\valorant\leizhi\bomb\BombRenderer.java:55: 错误: 找不到符号
          super.render(entity, entityYaw, partialTick, poseStack, bufferSource, packedLight);
          ^
    符号:   变量 super
    位置: 类 BombRenderer<T>
    其中, T是类型变量:
      T扩展已在类 BombRenderer中声明的Entity,ItemSupplier
  E:\mods\valorant-neo-26\src\main\java\com\strangesmell\valorant\leizhi\blastpack\BlastPackRenderer.java:28: 错误: 找不到符号
          super.render(entity, entityYaw, partialTick, poseStack, bufferSource, packedLight);
          ^
    符号:   变量 super
    位置: 类 BlastPackRenderer
  E:\mods\valorant-neo-26\src\main\java\com\strangesmell\valorant\leizhi\blastpack\BlastPackRenderer.java:33: 错误: 找不到符号
          return Math.max(10, super.getBlockLightLevel(entity, pos));
                              ^
    符号:   变量 super
    位置: 类 BlastPackRenderer
  E:\mods\valorant-neo-26\src\main\java\com\strangesmell\valorant\leizhi\boombot\BoomBotRenderer.java:24: 错误: 找不到符号
          this.model = new MinecartModel<>(context.bakeLayer(ModelLayers.TNT_MINECART));
                           ^
    符号:   类 MinecartModel
    位置: 类 BoomBotRenderer
  E:\mods\valorant-neo-26\src\main\java\com\strangesmell\valorant\leizhi\boombot\BoomBotRenderer.java:31: 错误: 找不到符号
          super.render(entity, yaw, partialTicks, poseStack, buffer, packedLight);
          ^
    符号:   变量 super
    位置: 类 BoomBotRenderer
  E:\mods\valorant-neo-26\src\main\java\com\strangesmell\valorant\ModEventBus.java:74: 错误: 找不到符号
                              if (TimePos.isEmpty()){
                                  ^
    符号:   变量 TimePos
    位置: 类 ModEventBus
  E:\mods\valorant-neo-26\src\main\java\com\strangesmell\valorant\ModEventBus.java:81: 错误: 找不到符号
                              List<BlockPos> list =  TimePos.keySet().stream().toList();
                                                     ^
    符号:   变量 TimePos
    位置: 类 ModEventBus
  E:\mods\valorant-neo-26\src\main\java\com\strangesmell\valorant\ModEventBus.java:84: 错误: 找不到符号
                                  TimePos.remove(blockPos);
                                  ^
    符号:   变量 TimePos
    位置: 类 ModEventBus
  E:\mods\valorant-neo-26\src\main\java\com\strangesmell\valorant\ModEventBus.java:98: 错误: 找不到符号
              TimePos.put(event.getPos(), 0);
              ^
    符号:   变量 TimePos
    位置: 类 ModEventBus
  E:\mods\valorant-neo-26\src\main\java\com\strangesmell\valorant\ModEventBus.java:117: 错误: 找不到符号
          int i = TimePos.getOrDefault(blockPos, 0);
                  ^
    符号:   变量 TimePos
    位置: 类 ModEventBus
  E:\mods\valorant-neo-26\src\main\java\com\strangesmell\valorant\ModEventBus.java:119: 错误: 找不到符号
              TimePos.remove(blockPos);
              ^
    符号:   变量 TimePos
    位置: 类 ModEventBus
  E:\mods\valorant-neo-26\src\main\java\com\strangesmell\valorant\ModEventBus.java:122: 错误: 找不到符号
              TimePos.put(blockPos,i+1);
              ^
    符号:   变量 TimePos
    位置: 类 ModEventBus
  E:\mods\valorant-neo-26\src\main\java\com\strangesmell\valorant\sage\resurrection\SageResurrectionRenderer.java:41: 错
误: 找不到符号
          super.render(entity, entityYaw, partialTick, poseStack, bufferSource, packedLight);
          ^
    符号:   变量 super
    位置: 类 SageResurrectionRenderer
  注: 某些输入文件使用或覆盖了已过时的 API。
  E:\mods\valorant-neo-26\src\main\java\com\strangesmell\valorant\clove\notdeadyet\CloveNotDeadYetScreen.java:23: 错误: 方
法不会覆盖或实现超类型的方法
      @Override
      ^
  E:\mods\valorant-neo-26\src\main\java\com\strangesmell\valorant\clove\ruse\CloveRuseScreen.java:33: 错误: 方法不会覆盖或实现超类型的
方法
      @Override
      ^
  E:\mods\valorant-neo-26\src\main\java\com\strangesmell\valorant\clove\ruse\CloveRuseScreen.java:129: 错误: 方法不会覆盖或实现超类型
的方法
      @Override
      ^
  E:\mods\valorant-neo-26\src\main\java\com\strangesmell\valorant\InvisibleEntityRenderer.java:17: 错误: 方法不会覆盖或实现超类型的方法
      @Override
      ^
  E:\mods\valorant-neo-26\src\main\java\com\strangesmell\valorant\InvisibleEntityRenderer.java:21: 错误: 方法不会覆盖或实现超类型的方法
      @Override
      ^
  E:\mods\valorant-neo-26\src\main\java\com\strangesmell\valorant\jett\bladestorm\JettKnifeRenderer.java:26: 错误: 方法不会覆盖
或实现超类型的方法
      @Override
      ^
  E:\mods\valorant-neo-26\src\main\java\com\strangesmell\valorant\jett\bladestorm\JettKnifeRenderer.java:31: 错误: 方法不会覆盖
或实现超类型的方法
      @Override
      ^
  E:\mods\valorant-neo-26\src\main\java\com\strangesmell\valorant\jett\bladestorm\JettKnifeRenderer.java:36: 错误: 方法不会覆盖
或实现超类型的方法
      @Override
      ^
  E:\mods\valorant-neo-26\src\main\java\com\strangesmell\valorant\jett\bladestorm\JettKnifeRenderer.java:63: 错误: 方法不会覆盖
或实现超类型的方法
      @Override
      ^
  E:\mods\valorant-neo-26\src\main\java\com\strangesmell\valorant\leizhi\bomb\BombRenderer.java:40: 错误: 方法不会覆盖或实现超类型的方法
      @Override
      ^
  E:\mods\valorant-neo-26\src\main\java\com\strangesmell\valorant\leizhi\bomb\BombRenderer.java:45: 错误: 方法不会覆盖或实现超类型的方法
      @Override
      ^
  E:\mods\valorant-neo-26\src\main\java\com\strangesmell\valorant\leizhi\bomb\BombRenderer.java:58: 错误: 方法不会覆盖或实现超类型的方法
      @Override
      ^
  E:\mods\valorant-neo-26\src\main\java\com\strangesmell\valorant\leizhi\blastpack\BlastPackRenderer.java:21: 错误: 方法不会覆
盖或实现超类型的方法
      @Override
      ^
  E:\mods\valorant-neo-26\src\main\java\com\strangesmell\valorant\leizhi\blastpack\BlastPackRenderer.java:31: 错误: 方法不会覆
盖或实现超类型的方法
      @Override
      ^
  E:\mods\valorant-neo-26\src\main\java\com\strangesmell\valorant\leizhi\blastpack\BlastPackRenderer.java:36: 错误: 方法不会覆
盖或实现超类型的方法
      @Override
      ^
  E:\mods\valorant-neo-26\src\main\java\com\strangesmell\valorant\leizhi\boombot\BoomBotRenderer.java:29: 错误: 方法不会覆盖或实现
超类型的方法
      @Override
      ^
  E:\mods\valorant-neo-26\src\main\java\com\strangesmell\valorant\leizhi\boombot\BoomBotRenderer.java:51: 错误: 方法不会覆盖或实现
超类型的方法
      @Override
      ^
  E:\mods\valorant-neo-26\src\main\java\com\strangesmell\valorant\sage\resurrection\SageResurrectionRenderer.java:23: 错
误: 方法不会覆盖或实现超类型的方法
      @Override
      ^
  E:\mods\valorant-neo-26\src\main\java\com\strangesmell\valorant\sage\resurrection\SageResurrectionRenderer.java:28: 错
误: 方法不会覆盖或实现超类型的方法
      @Override
      ^
  E:\mods\valorant-neo-26\src\main\java\com\strangesmell\valorant\sage\resurrection\SageResurrectionRenderer.java:44: 错
误: 方法不会覆盖或实现超类型的方法
      @Override
      ^
  E:\mods\valorant-neo-26\src\main\java\com\strangesmell\valorant\skillbar\ValorantSkillBarScreen.java:31: 错误: 方法不会覆盖或实
现超类型的方法
      @Override
      ^
  E:\mods\valorant-neo-26\src\main\java\com\strangesmell\valorant\skillbar\ValorantSkillBarScreen.java:59: 错误: 方法不会覆盖或实
现超类型的方法
      @Override
      ^
  注: 某些消息已经过简化; 请使用 -Xdiags:verbose 重新编译以获得完整输出
  E:\mods\valorant-neo-26\src\main\java\com\strangesmell\valorant\InvisibleEntityRenderer.java:14: 错误: 找不到符号
          this.shadowRadius = 0.0F;
              ^
    符号: 变量 shadowRadius
  E:\mods\valorant-neo-26\src\main\java\com\strangesmell\valorant\jett\bladestorm\JettKnifeRenderer.java:23: 错误: 找不到符号
          this.shadowRadius = 0.12F;
              ^
    符号: 变量 shadowRadius
  E:\mods\valorant-neo-26\src\main\java\com\strangesmell\valorant\leizhi\bomb\BombRenderer.java:49: 错误: 找不到符号
          poseStack.mulPose(this.entityRenderDispatcher.cameraOrientation());
                                ^
    符号: 变量 entityRenderDispatcher
  E:\mods\valorant-neo-26\src\main\java\com\strangesmell\valorant\leizhi\bigbomb\BigBombRenderer.java:10: 错误: 找不到符号
          this.shadowRadius = 0.35F;
              ^
    符号: 变量 shadowRadius
  E:\mods\valorant-neo-26\src\main\java\com\strangesmell\valorant\leizhi\blastpack\BlastPackRenderer.java:18: 错误: 找不到符号
          this.shadowRadius = 0.24F;
              ^
    符号: 变量 shadowRadius
  E:\mods\valorant-neo-26\src\main\java\com\strangesmell\valorant\leizhi\boombot\BoomBotRenderer.java:26: 错误: 找不到符号
          this.shadowRadius = 0.35F;
              ^
    符号: 变量 shadowRadius
  E:\mods\valorant-neo-26\src\main\java\com\strangesmell\valorant\sage\resurrection\SageResurrectionRenderer.java:20: 错
误: 找不到符号
          this.shadowRadius = 0.18F;
              ^
    符号: 变量 shadowRadius
  E:\mods\valorant-neo-26\src\main\java\com\strangesmell\valorant\sage\resurrection\SageResurrectionRenderer.java:37: 错
误: 找不到符号
          poseStack.mulPose(this.entityRenderDispatcher.cameraOrientation());
                                ^
    符号: 变量 entityRenderDispatcher
  E:\mods\valorant-neo-26\src\main\java\com\strangesmell\valorant\clove\ruse\CloveRuseScreen.java:111: 错误: 找不到符号
                  PlayerFaceRenderer.draw(guiGraphics, clientPlayer.getSkinTextureLocation(), x - 5, y - 5, 10);
                                                                   ^
    符号:   方法 getSkinTextureLocation()
    位置: 类型为AbstractClientPlayer的变量 clientPlayer
  E:\mods\valorant-neo-26\src\main\java\com\strangesmell\valorant\jett\bladestorm\JettKnifeRenderer.java:22: 错误: 找不到符号
          this.itemRenderer = context.getItemRenderer();
                                     ^
    符号:   方法 getItemRenderer()
    位置: 类型为Context的变量 context
  E:\mods\valorant-neo-26\src\main\java\com\strangesmell\valorant\leizhi\bomb\BombRenderer.java:30: 错误: 找不到符号
          this.itemRenderer = context.getItemRenderer();
                                     ^
    符号:   方法 getItemRenderer()
    位置: 类型为Context的变量 context
  E:\mods\valorant-neo-26\src\main\java\com\strangesmell\valorant\leizhi\blastpack\BlastPackRenderer.java:17: 错误: 找不到符号
          this.blockRenderer = context.getBlockRenderDispatcher();
                                      ^
    符号:   方法 getBlockRenderDispatcher()
    位置: 类型为Context的变量 context
  E:\mods\valorant-neo-26\src\main\java\com\strangesmell\valorant\leizhi\boombot\BoomBotRenderer.java:25: 错误: 找不到符号
          this.blockRenderer = context.getBlockRenderDispatcher();
                                      ^
    符号:   方法 getBlockRenderDispatcher()
    位置: 类型为Context的变量 context
  E:\mods\valorant-neo-26\src\main\java\com\strangesmell\valorant\ModEventBus.java:37: 错误: 找不到符号
          if (SageResurrectionEntity.shouldAllowDeath(player)) {
                                    ^
    符号:   方法 shouldAllowDeath(ServerPlayer)
    位置: 类 SageResurrectionEntity
  E:\mods\valorant-neo-26\src\main\java\com\strangesmell\valorant\ModEventBus.java:71: 错误: 找不到符号
                          .requires(source -> source.hasPermission(2)) // OP 权限
                                                    ^
    符号:   方法 hasPermission(int)
    位置: 类型为CommandSourceStack的变量 source
  E:\mods\valorant-neo-26\src\main\java\com\strangesmell\valorant\sage\resurrection\SageResurrectionRenderer.java:19: 错
误: 找不到符号
          this.itemRenderer = context.getItemRenderer();
                                     ^
    符号:   方法 getItemRenderer()
    位置: 类型为Context的变量 context
  E:\mods\valorant-neo-26\src\main\java\com\strangesmell\valorant\skillbar\ValorantSkillUseHandler.java:124: 错误: 找不到符号
              JettCloudburstEntity.guideOwned(level, player);
                                  ^
2 actionable tasks: 1 executed, 1 up-to-date
Configuration cache entry reused.
    符号:   方法 guideOwned(ServerLevel,ServerPlayer)
    位置: 类 JettCloudburstEntity
  E:\mods\valorant-neo-26\src\main\java\com\strangesmell\valorant\skillbar\ValorantSkillUseHandler.java:126: 错误: 找不到符号
              PhoenixCurveballEntity.guideOwned(level, player);
                                    ^
    符号:   方法 guideOwned(ServerLevel,ServerPlayer)
    位置: 类 PhoenixCurveballEntity
  E:\mods\valorant-neo-26\src\main\java\com\strangesmell\valorant\clove\ruse\CloveRuseScreen.java:85: 错误: 程序包FastColor不
存在
                  int red = Math.min(255, Math.max(0, (int)(FastColor.ARGB32.red(color) * shade)));
                                                                     ^
  E:\mods\valorant-neo-26\src\main\java\com\strangesmell\valorant\clove\ruse\CloveRuseScreen.java:86: 错误: 程序包FastColor不
存在
                  int green = Math.min(255, Math.max(0, (int)(FastColor.ARGB32.green(color) * shade)));
                                                                       ^
  E:\mods\valorant-neo-26\src\main\java\com\strangesmell\valorant\clove\ruse\CloveRuseScreen.java:87: 错误: 程序包FastColor不
存在
                  int blue = Math.min(255, Math.max(0, (int)(FastColor.ARGB32.blue(color) * shade)));
                                                                      ^
  E:\mods\valorant-neo-26\src\main\java\com\strangesmell\valorant\clove\ruse\CloveRuseScreen.java:88: 错误: 程序包FastColor不
存在
                  color = FastColor.ARGB32.color(190, red, green, blue);
                                   ^
  100 个错误

* Try:
> Check your code and dependencies to fix the compilation error(s)
> Run with --scan to get full insights from a Build Scan (powered by Develocity).

BUILD FAILED in 2s
